592.0944096639398	4	4	642.3369096639399	700.0	4	4	2	4	25.121250000000003	0.7345432796934874	0.5	0.742733733911168