L-SAT	7	L-RAD	TASK1_L_{S}(2020-01-01T00:00:00.000)	TASK2_L_{}(2020-01-01T00:12:55.500)	TASK3_L_{S}(2020-01-01T00:25:53.000)	TASK4_L_{S}(2020-01-01T00:38:50.500)	TASK2_L_{}(2020-01-01T00:12:55.500)	TASK3_L_{S}(2020-01-01T00:25:53.000)	TASK4_L_{S}(2020-01-01T00:38:50.500)	
S-SAT	5	S-RAD	TASK1_S_{L}(2020-01-01T00:00:00.000)	TASK3_S_{L}(2020-01-01T00:25:54.000)	TASK4_S_{L}(2020-01-01T00:38:51.500)	TASK3_S_{L}(2020-01-01T00:25:54.000)	TASK4_S_{L}(2020-01-01T00:38:51.500)	
