L-SAT	4	L-RAD	TASK3_L_{}(2020-01-01T00:25:53.000)	TASK4_L_{}(2020-01-01T00:38:51.000)	TASK4_L_{}(2020-01-01T00:38:51.000)	TASK4_L_{}(2020-01-01T00:38:51.000)	
S-SAT	3	S-RAD	TASK2_S_{}(2020-01-01T00:12:56.000)	TASK2_S_{}(2020-01-01T00:12:56.000)	TASK2_S_{}(2020-01-01T00:12:56.000)	
