348.30774729609084	4	4	367.4477472960909	400.0	4	4	2	2	9.57