338.86891336551474	4	4	367.5789133655146	400.0	4	4	2	4	14.355	-1.0	-1.0	-0.004844220063789956