473.94277208928776	3	4	517.0077720892878	700.0	4	4	2	4	21.532500000000002	0.7345155079972668	0.5	0.49515577993621