180.20572409193127	0	3	205.32697409193128	300.0	3	4	2	7	12.560625	-1.0	-1.0	-1.0