280.2053305188947	3	4	305.32658051889473	400.0	4	4	2	4	12.560625	0.5677990283135644	0.5	-0.502422110031895