L-SAT	4	L-RAD	TASK1_L_{S}(2020-01-01T00:00:00.000)	TASK3_L_{S}(2020-01-01T00:25:55.000)	TASK4_L_{}(2020-01-01T02:22:35.000)	TASK2_L_{}(2020-01-01T07:07:40.000)	
S-SAT	2	S-RAD	TASK1_S_{L}(2020-01-01T00:00:00.000)	TASK3_S_{L}(2020-01-01T00:25:55.000)	
