228.30700471265993	2	4	242.66200471265995	400.0	4	4	2	5	7.1775