592.0940123900239	4	4	642.3365123900238	700.0	4	4	2	4	25.121250000000003	0.7345091173299378	0.5	0.7427337339107494