338.8689133655147	8	8	367.5789133655146	800.0	4	4	2	4	14.355	-1.0	-1.0	-0.004844220063789956