330.5590223808187	3	5	362.8577723808186	600.0	4	4	2	4	16.149375	0.5352925362002481	0.5	0.2469853157116295