---------------------------------------------------------------------------------------------------------------------------------------
TASK1	TASK1_L_{}	L-band		
TASK1	TASK1_L_{S}	L-band	S-band
TASK1	TASK1_S_{}	S-band		
TASK1	TASK1_S_{L}	S-band	L-band
---------------------------------------------------------------------------------------------------------------------------------------
TASK2	TASK2_L_{}	L-band		
TASK2	TASK2_L_{S}	L-band	S-band
TASK2	TASK2_S_{}	S-band		
TASK2	TASK2_S_{L}	S-band	L-band
---------------------------------------------------------------------------------------------------------------------------------------
TASK3	TASK3_L_{}	L-band		
TASK3	TASK3_L_{S}	L-band	S-band
TASK3	TASK3_S_{}	S-band		
TASK3	TASK3_S_{L}	S-band	L-band
---------------------------------------------------------------------------------------------------------------------------------------
TASK4	TASK4_L_{}	L-band		
TASK4	TASK4_L_{S}	L-band	S-band
TASK4	TASK4_S_{}	S-band		
TASK4	TASK4_S_{L}	S-band	L-band
