372.08236645057553	4	4	391.22236645057546	400.0	4	4	2	4	9.57