---------------------------------------------------------------------------------------------------------------------------------------
TASK1	TASK1_L_{}	L-band		
TASK1	TASK1_L_{S}	L-band	S-band	1/1	L-SAT	2020-01-01T00:00:00.000	2020-01-01T00:00:00.000	2020-04-02T00:00:00.000	L-RAD	47873.26333693359/10000.0	52.274641602593846/0.0	5145.043857180515	8.906282311625846	5.505360786020633	47.6074999996201	49.9999999996201	2.3925
TASK1	TASK1_S_{}	S-band		
TASK1	TASK1_S_{L}	S-band	L-band	1/1	S-SAT	2020-01-01T00:00:00.000	2020-01-01T00:00:00.000	2020-04-02T00:00:00.000	S-RAD	47873.26333693359/10000.0	62.09735393298953/0.0	5145.043857180515	8.906282311625846	5.505360786020633	47.6074999996201	49.9999999996201	2.3925
---------------------------------------------------------------------------------------------------------------------------------------
TASK2	TASK2_L_{}	L-band		
TASK2	TASK2_L_{S}	L-band	S-band	1/1	L-SAT	2020-01-01T00:00:00.000	2020-01-01T00:13:35.000	2020-04-02T00:00:00.000	L-RAD	8888.782265667945/10000.0	44.95154003077481/0.0	5094.264588547858	42.65902526963262	35.53415601023249	47.28175075676446	49.67425075676446	2.3925
TASK2	TASK2_S_{}	S-band		
TASK2	TASK2_S_{L}	S-band	L-band	1/1	S-SAT	2020-01-01T00:00:00.000	2020-01-01T00:13:35.000	2020-04-02T00:00:00.000	S-RAD	8888.782265667945/10000.0	54.77425236117049/0.0	5094.264588547858	42.65902526963262	35.53415601023249	47.28175075676446	49.67425075676446	2.3925
---------------------------------------------------------------------------------------------------------------------------------------
TASK3	TASK3_L_{}	L-band		
TASK3	TASK3_L_{S}	L-band	S-band	1/1	L-SAT	2020-01-01T00:00:00.000	2020-01-01T00:27:05.000	2020-04-02T00:00:00.000	L-RAD	6260.147377634535/10000.0	43.42434867283587/0.0	5068.075132026507	47.73778541705341	62.62962003468425	46.96010276498491	49.35260276498491	2.3925
TASK3	TASK3_S_{}	S-band		
TASK3	TASK3_S_{L}	S-band	L-band	1/1	S-SAT	2020-01-01T00:00:00.000	2020-01-01T04:04:05.000	2020-04-02T00:00:00.000	S-RAD	9482.90004771096/10000.0	55.061296441147505/0.0	5098.174751766571	15.88850258664797	49.77396542508173	42.0666195622025	44.459119562202496	2.3925
---------------------------------------------------------------------------------------------------------------------------------------
TASK4	TASK4_L_{}	L-band		
TASK4	TASK4_L_{S}	L-band	S-band	1/1	L-SAT	2020-01-01T00:00:00.000	2020-01-01T00:40:40.000	2020-04-02T00:00:00.000	L-RAD	12570.732700388178/10000.0	46.46303073936103/0.0	5112.53166398894	20.75413407836801	33.54494616000536	46.63857130530946	49.03107130530946	2.3925
TASK4	TASK4_S_{}	S-band		
TASK4	TASK4_S_{L}	S-band	L-band	1/1	S-SAT	2020-01-01T00:00:00.000	2020-01-01T00:40:40.000	2020-04-02T00:00:00.000	S-RAD	12570.732700388178/10000.0	56.28574306975671/0.0	5112.53166398894	20.75413407836801	33.54494616000536	46.63857130530946	49.03107130530946	2.3925
