338.8697048312374	4	4	367.5797048312374	400.0	4	4	2	4	14.355	0.7486836334662685	0.5	0.742733733911168