L-SAT	4	L-RAD	TASK1_L_{}(2020-01-01T00:00:00.000)	TASK3_L_{S}(2020-01-01T00:25:53.000)	TASK1_L_{}(2020-01-01T00:00:00.000)	TASK2_L_{S}(2020-01-01T01:56:35.250)	
S-SAT	4	S-RAD	TASK3_S_{L}(2020-01-01T00:25:53.750)	TASK4_S_{}(2020-01-01T00:38:51.500)	TASK2_S_{L}(2020-01-01T01:56:36.250)	TASK4_S_{}(2020-01-01T00:38:51.500)	
