275.91333332848615	2	4	304.6233333284862	600.0	4	4	2	4	14.355	0.7555858656189511	0.5	0.49515581193963654