358.0089133654419	4	4	377.14891336544196	400.0	4	4	2	5	9.57