---------------------------------------------------------------------------------------------------------------------------------------
TASK1	TASK1_L_{}	L-band		
TASK1	TASK1_L_{S}	L-band	S-band	1/1	L-SAT	2020-01-01T00:00:00.000	2020-01-01T00:00:00.000	2020-01-08T00:00:00.000	L-RAD	35906.72737141927/10000.0	54.57527194183384/0.0	5141.615871188066	11.87051473655764	7.2230467556888955	45.21499999925839	47.60749999925839	2.3925
TASK1	TASK1_S_{}	S-band		
TASK1	TASK1_S_{L}	S-band	L-band	1/1	S-SAT	2020-01-01T00:00:00.000	2020-01-01T00:00:00.000	2020-01-08T00:00:00.000	S-RAD	35906.72737141927/10000.0	64.39798427222952/0.0	5141.615871188066	11.87051473655764	7.2230467556888955	45.21499999925839	47.60749999925839	2.3925
---------------------------------------------------------------------------------------------------------------------------------------
TASK2	TASK2_L_{}	L-band		
TASK2	TASK2_L_{S}	L-band	S-band	1/1	L-SAT	2020-01-01T00:00:00.000	2020-01-01T00:12:56.000	2020-01-08T00:00:00.000	L-RAD	6558.323330122635/10000.0	47.17591682857061/0.0	5074.45805684399	56.768153643976724	48.96799472416877	44.904790298659115	47.297290298659114	2.3925
TASK2	TASK2_S_{}	S-band		
TASK2	TASK2_S_{L}	S-band	L-band	1/1	S-SAT	2020-01-01T00:00:00.000	2020-01-01T00:12:56.000	2020-01-08T00:00:00.000	S-RAD	6558.323330122635/10000.0	56.99862915896628/0.0	5074.45805684399	56.768153643976724	48.96799472416877	44.904790298659115	47.297290298659114	2.3925
---------------------------------------------------------------------------------------------------------------------------------------
TASK3	TASK3_L_{}	L-band		
TASK3	TASK3_L_{S}	L-band	S-band	1/1	L-SAT	2020-01-01T00:00:00.000	2020-01-01T00:25:53.000	2020-01-08T00:00:00.000	L-RAD	5102.845471134402/10000.0	46.080539743940946/0.0	5051.014699509515	63.72838654310551	72.58388904311337	44.59610916114321	46.98860916114321	2.3925
TASK3	TASK3_S_{}	S-band		
TASK3	TASK3_S_{L}	S-band	L-band	1/1	S-SAT	2020-01-01T00:00:00.000	2020-01-01T00:25:54.000	2020-01-08T00:00:00.000	S-RAD	6668.6176746218525/10000.0	57.06967484470149/0.0	5075.816336708025	63.740893009162896	37.3918469371347	44.59571312623585	46.98821312623585	2.3925
---------------------------------------------------------------------------------------------------------------------------------------
TASK4	TASK4_L_{}	L-band		
TASK4	TASK4_L_{S}	L-band	S-band	1/1	L-SAT	2020-01-01T00:00:00.000	2020-01-01T00:38:51.000	2020-01-08T00:00:00.000	L-RAD	7500.2166928686265/10000.0	47.76610420363213/0.0	5084.780918864859	28.14297617322282	59.64046598169506	44.28895202687246	46.681452026872456	2.3925
TASK4	TASK4_S_{}	S-band		
TASK4	TASK4_S_{L}	S-band	L-band	1/1	S-SAT	2020-01-01T00:00:00.000	2020-01-01T00:38:52.000	2020-01-08T00:00:00.000	S-RAD	13289.871999711444/10000.0	60.07648360697529/0.0	5116.079473391659	28.1472046649542	24.41733074342241	44.28855845535542	46.68105845535542	2.3925
