338.8689133655147	4	4	367.5789133655146	400.0	4	4	2	4	14.355	0.567791703795695	-1.0	-0.004844220063789956