473.94171926939737	3	4	517.0067192693973	700.0	4	4	2	4	21.532500000000002	0.49995610465464707	0.5	0.49515577993621