---------------------------------------------------------------------------------------------------------------------------------------
TASK1	TASK1_L_{}	L-band		
TASK1	TASK1_L_{S}	L-band	S-band	1/1	L-SAT	2020-01-01T00:00:00.000	2020-01-01T01:43:38.000	2020-01-08T00:00:00.000	L-RAD	6469.059206436949/10000.0	47.1199850505355/0.0	5073.326292606624	39.39331891051013	64.85783877070982	42.782732628519696	45.175232628519694	2.3925
TASK1	TASK1_S_{}	S-band		
TASK1	TASK1_S_{L}	S-band	L-band	1/1	S-SAT	2020-01-01T00:00:00.000	2020-01-01T01:43:39.000	2020-01-08T00:00:00.000	S-RAD	9952.848801685526/10000.0	58.817374448844724/0.0	5102.484943250632	39.39996540962108	29.643889696247697	42.7823511368338	45.1748511368338	2.3925
---------------------------------------------------------------------------------------------------------------------------------------
TASK2	TASK2_L_{}	L-band		
TASK2	TASK2_L_{S}	L-band	S-band	1/1	L-SAT	2020-01-01T00:00:00.000	2020-01-01T01:56:36.000	2020-01-08T00:00:00.000	L-RAD	5824.449064335063/10000.0	46.65682206721365/0.0	5064.101779795608	66.26826248720752	52.48113003297017	42.486854939943385	44.87935493994338	2.3925
TASK2	TASK2_S_{}	S-band		
TASK2	TASK2_S_{L}	S-band	L-band	1/1	S-SAT	2020-01-01T00:00:00.000	2020-01-01T01:56:37.000	2020-01-08T00:00:00.000	S-RAD	7188.934739832106/10000.0	57.39629184519109/0.0	5081.665509565063	66.27651187220016	17.28401240902656	42.48647582118703	44.878975821187026	2.3925
---------------------------------------------------------------------------------------------------------------------------------------
TASK3	TASK3_L_{}	L-band		
TASK3	TASK3_L_{S}	L-band	S-band	1/1	L-SAT	2020-01-01T00:00:00.000	2020-01-01T00:25:53.000	2020-01-08T00:00:00.000	L-RAD	5102.845471134402/10000.0	46.080539743940946/0.0	5051.014699509515	63.72838654310551	72.58388904311337	44.59610916114321	46.98860916114321	2.3925
TASK3	TASK3_S_{}	S-band		
TASK3	TASK3_S_{L}	S-band	L-band	1/1	S-SAT	2020-01-01T00:00:00.000	2020-01-01T00:25:54.000	2020-01-08T00:00:00.000	S-RAD	6668.6176746218525/10000.0	57.06967484470149/0.0	5075.816336708025	63.740893009162896	37.3918469371347	44.59571312623585	46.98821312623585	2.3925
---------------------------------------------------------------------------------------------------------------------------------------
TASK4	TASK4_L_{}	L-band		
TASK4	TASK4_L_{S}	L-band	S-band	1/1	L-SAT	2020-01-01T00:00:00.000	2020-01-01T00:38:51.000	2020-01-08T00:00:00.000	L-RAD	7500.2166928686265/10000.0	47.76610420363213/0.0	5084.780918864859	28.14297617322282	59.64046598169506	44.28895202687246	46.681452026872456	2.3925
TASK4	TASK4_S_{}	S-band		
TASK4	TASK4_S_{L}	S-band	L-band	1/1	S-SAT	2020-01-01T00:00:00.000	2020-01-01T00:38:52.000	2020-01-08T00:00:00.000	S-RAD	13289.871999711444/10000.0	60.07648360697529/0.0	5116.079473391659	28.1472046649542	24.41733074342241	44.28855845535542	46.68105845535542	2.3925
