677.7394096624748	4	4	735.1594096624748	800.0	4	4	2	4	28.710000000000004	0.9844280701848153	0.5	0.742733733911168