L-SAT	4	L-RAD	TASK1_L_{S}(2020-01-01T00:00:00.000)	TASK2_L_{S}(2020-01-01T00:12:56.000)	TASK3_L_{S}(2020-01-01T00:25:53.000)	TASK4_L_{S}(2020-01-01T00:38:51.000)	
S-SAT	4	S-RAD	TASK1_S_{L}(2020-01-01T00:00:00.000)	TASK2_S_{L}(2020-01-01T00:12:56.000)	TASK3_S_{L}(2020-01-01T00:25:54.000)	TASK4_S_{L}(2020-01-01T00:38:52.000)	
