338.86891336551474	4	4	367.5789133655146	400.0	4	4	2	4	14.355	0.567791703795695	0.5	0.49515577993621