367.1888832477931	4	4	386.32888324779304	400.0	4	4	2	4	9.57