---------------------------------------------------------------------------------------------------------------------------------------
TASK1	TASK1_L_{}	L-band		
TASK1	TASK1_L_{S}	L-band	S-band	1/1	L-SAT	2020-01-01T00:00:00.000	2020-01-01T00:00:00.000	2020-01-08T00:00:00.000	L-RAD	35906.72737141927/10000.0	54.57527194183384/0.0	5141.615871188066	11.87051473655764	7.2230467556888955	45.21499999925839	47.60749999925839	2.3925
TASK1	TASK1_S_{}	S-band		
TASK1	TASK1_S_{L}	S-band	L-band	1/1	S-SAT	2020-01-01T00:00:00.000	2020-01-01T00:00:00.000	2020-01-08T00:00:00.000	S-RAD	35906.72737141927/10000.0	64.39798427222952/0.0	5141.615871188066	11.87051473655764	7.2230467556888955	45.21499999925839	47.60749999925839	2.3925
---------------------------------------------------------------------------------------------------------------------------------------
TASK2	TASK2_L_{}	L-band			0/0	L-SAT	2020-01-01T00:00:00.000	2020-01-01T07:07:40.000	2020-01-08T00:00:00.000	L-RAD	5983.2722584688245/10000.0	46.78385857049501/0.0	5066.564468415448	20.091052191419188	79.48495073615824	22.348379811825396	24.740879811825398	2.3925
TASK2	TASK2_L_{S}	L-band	S-band
TASK2	TASK2_S_{}	S-band		
TASK2	TASK2_S_{L}	S-band	L-band
---------------------------------------------------------------------------------------------------------------------------------------
TASK3	TASK3_L_{}	L-band		
TASK3	TASK3_L_{S}	L-band	S-band	1/1	L-SAT	2020-01-01T00:00:00.000	2020-01-01T00:25:55.000	2020-01-08T00:00:00.000	L-RAD	7721.152046184009/10000.0	47.88493115829377/0.0	5086.833169307716	63.74539602345421	2.1899089612093614	44.59531709450466	46.987817094504656	2.3925
TASK3	TASK3_S_{}	S-band		
TASK3	TASK3_S_{L}	S-band	L-band	1/1	S-SAT	2020-01-01T00:00:00.000	2020-01-01T00:25:55.000	2020-01-08T00:00:00.000	S-RAD	7721.152046184009/10000.0	57.707643488689456/0.0	5086.833169307716	63.74539602345421	2.1899089612093614	44.59531709450466	46.987817094504656	2.3925
---------------------------------------------------------------------------------------------------------------------------------------
TASK4	TASK4_L_{}	L-band			0/0	L-SAT	2020-01-01T00:00:00.000	2020-01-01T02:22:35.000	2020-01-08T00:00:00.000	L-RAD	6109.832397068709/10000.0	46.87959442699592/0.0	5068.433161134302	1.2257822807376073	80.24285549294697	26.33799071330845	28.73049071330845	2.3925
TASK4	TASK4_L_{S}	L-band	S-band
TASK4	TASK4_S_{}	S-band		
TASK4	TASK4_S_{L}	S-band	L-band
