---------------------------------------------------------------------------------------------------------------------------------------
TASK1	TASK1_L_{}	L-band		
TASK1	TASK1_L_{S}	L-band	S-band	1/1	SMAP1	2020-01-01T00:00:00.000	2020-01-01T05:11:00.000	2020-02-01T00:00:00.000	L-RAD	7394.314331069388/4200.0	47.69612596974138/10.0	5083.747713483508	66.59204807315672	0.9564433905245554	40.65717755918078	43.04967755918078	2.3925
TASK1	TASK1_S_{}	S-band		
TASK1	TASK1_S_{L}	S-band	L-band	1/1	SMAP2	2020-01-01T00:00:00.000	2020-01-01T05:11:00.000	2020-02-01T00:00:00.000	S-RAD	7394.314331069388/4200.0	57.51883830013706/10.0	5083.747713483508	66.59204807315672	0.9564433905245554	40.65717755918078	43.04967755918078	2.3925
---------------------------------------------------------------------------------------------------------------------------------------
TASK2	TASK2_L_{}	L-band			0/0	SMAP1	2020-01-01T00:00:00.000	2020-01-01T10:35:00.000	2020-02-01T00:00:00.000	L-RAD	5568.829817296521/4200.0	46.4833149201837/10.0	5059.868881164211	37.731664147537046	79.69336911124469	22.16410431236976	24.556604312369757	2.3925
TASK2	TASK2_L_{S}	L-band	S-band
TASK2	TASK2_S_{}	S-band		
TASK2	TASK2_S_{L}	S-band	L-band
---------------------------------------------------------------------------------------------------------------------------------------
TASK3	TASK3_L_{}	L-band		
TASK3	TASK3_L_{S}	L-band	S-band
TASK3	TASK3_S_{}	S-band		
TASK3	TASK3_S_{L}	S-band	L-band
---------------------------------------------------------------------------------------------------------------------------------------
TASK4	TASK4_L_{}	L-band		
TASK4	TASK4_L_{S}	L-band	S-band
TASK4	TASK4_S_{}	S-band		
TASK4	TASK4_S_{L}	S-band	L-band
