507.06824613515806	4	4	550.133246135158	600.0	4	4	2	4	21.532500000000002	0.4999175969307025	0.5	0.49515577993621