SMAP1	2	L-RAD	TASK1_L_{S}(2020-01-01T05:11:00.000)	TASK2_L_{}(2020-01-01T10:35:00.000)	
SMAP2	1	S-RAD	TASK1_S_{L}(2020-01-01T05:11:00.000)	
