103.47845943073132	1	4	110.65595943073131	400.0	2	4	2	3	3.58875